### the defect, on the commit v1.29.0 originally named
7c100454 Cargo.toml:
forjar = { version = "1.2", default-features = false }
7c100454 Cargo.lock:
name = "forjar"
version = "1.2.1"

### the commit that replaced it, 0be3e1ec (paiml/forjar-cookbook#20)
forjar = { version = "1.29", default-features = false }
name = "forjar"
version = "1.29.0"

### RED — the ledger row as it named 7c100454, proven in a SCRATCH CLONE
### (gate T reads the ledger at HEAD, so the red half needs the defect
###  COMMITTED; committing it here has disturbed this working tree four
###  times in this session, so it is a clone — see red-proof-in-a-clone)
  #536 ff9b1818a5090e715183d41ae331a69b7612cacd is outside v1.25.0 (merged after it) — not counted
  #532 b4719737775ab1ebdb493e019affd0230c994ed8 is outside v1.25.0 (merged after it) — not counted
  #527 20e80f645cc34688415843bd36f2cc66fad6f117 is outside v1.25.0 (merged after it) — not counted
  #524 7e889f5bf2785c684a44800c6be670aa1621c055 is outside v1.25.0 (merged after it) — not counted
  #523 d64a57ccdb23f395088a1a2bed9ec45d8bb35776 is outside v1.25.0 (merged after it) — not counted
  #519 5c361bd4fc74c9ade3a45f54bfc622ff06ce94ec is outside v1.25.0 (merged after it) — not counted
  #518 c5e4aaa34dabc4ad73aa81893656847efa4710f5 is outside v1.25.0 (merged after it) — not counted
  #517 f98b388d751275f691ca9fa3f44f517c9928d0f0 is outside v1.25.0 (merged after it) — not counted
  #516 cc33944917448a93dc4573b5748bea290728d655 is outside v1.25.0 (merged after it) — not counted
  #515 6b670b19e8793392f15d0be4dbb746ce8560cdaf is outside v1.25.0 (merged after it) — not counted
  #514 0c1277c6bf6f914c4edddd3e93e669ea6239a6b4 is outside v1.25.0 (merged after it) — not counted
  #513 a138c809dedd5e9dddf6e1576e646b482e40b205 is outside v1.25.0 (merged after it) — not counted
  #511 d7028f5bcab9180090a34bed36a4dfeec829a5f1 is outside v1.25.0 (merged after it) — not counted
  #510 aff6be716986441101f839446b7285ff0b2ba7c9 is outside v1.25.0 (merged after it) — not counted
  #509 b3e5812de31fb184ce774ec286caaf7a1333b8a2 is outside v1.25.0 (merged after it) — not counted
  #508 cdcc0e80a17a95158fbf9693556df81149020401 is outside v1.25.0 (merged after it) — not counted
  #507 191770fa7cc01d2b9e8f32a866f0e8f1beaa2fe1 is outside v1.25.0 (merged after it) — not counted
  #505 8e8e79e4aa2c205f32151977efccb59b14f838bd is outside v1.25.0 (merged after it) — not counted
  #504 be86315358c1a06dbd1b41f65b6653fc5d1f6a7b is outside v1.25.0 (merged after it) — not counted
  #502 643363b3bca8b3d8abce55878f3a54fd0908c32a is outside v1.25.0 (merged after it) — not counted
  #500 bc2819cce43e0ccac0812a6d1acbd1e6adb1501f is outside v1.25.0 (merged after it) — not counted
  #498 4fd707630570d6ed5bdbfc34fdbdeeefc4b590ad is outside v1.25.0 (merged after it) — not counted
  #496 d14ffaaf374a5cc483aa2d295f199ad6d02bc8bc is outside v1.25.0 (merged after it) — not counted
  #494 3a8b415eee4fc1c0c75eb4af802f62ae98dc1984 is outside v1.25.0 (merged after it) — not counted
  #493 2826c449941cfcf175d9ab7a4c8d5dbca12ad136 is outside v1.25.0 (merged after it) — not counted
  #490 54e36f130a4a12b623576d0332aae44f779dc34e is outside v1.25.0 (merged after it) — not counted
  #484 19b9c1f1e42ea254b3322e526d451835fb92e480 is outside v1.25.0 (merged after it) — not counted
  #483 818a060d972b2eb9deceb795334afea29dd28f0d is outside v1.25.0 (merged after it) — not counted
  #482 b2442fe09064e8d0445da9f2d3c834b8d7940317 is outside v1.25.0 (merged after it) — not counted
  #481 de4dee15dcfd048588a3575950d24456790fec9f is outside v1.25.0 (merged after it) — not counted
  #480 2acefaec0c9fd59b7e34ccabf467a52d4f553b86 is outside v1.25.0 (merged after it) — not counted
  #479 d9ba922264ecdda7f18917a160c7e8c4e2662f71 is outside v1.25.0 (merged after it) — not counted
  #478 bc46113c8fec9eae37f7193b2c452138ad3647d2 is outside v1.25.0 (merged after it) — not counted
  #477 6b80b748c230a4b95dd53b46c262b7b27f37c8a3 is outside v1.25.0 (merged after it) — not counted
  #476 ccfe23930eb485eb03cc4bd46de690430ab85aec is outside v1.25.0 (merged after it) — not counted
  #473 0776fd82a57158a87b7dc3e7602a12dee52db893 is outside v1.25.0 (merged after it) — not counted
  #472 a8efff16c57e39efffdbe5ace621c789487ecd34 is outside v1.25.0 (merged after it) — not counted
  #465 20a255b0be1300e74fdd9188b2cb2073434c57b2 is outside v1.25.0 (merged after it) — not counted
  #464 09f7dc1156fe8f90e0464f583ba916df990c5d2a is outside v1.25.0 (merged after it) — not counted
  #461 b190750f49e0ad2b13cca8eba5395711af7b54e4 is outside v1.25.0 (merged after it) — not counted
  #460 a61bdb37b85418e6e8256d9d22ab88af00764b74 is outside v1.25.0 (merged after it) — not counted
  #459 90256aae082932e57b28f4bb4fc4f2f1c504549c is outside v1.25.0 (merged after it) — not counted
  #458 9955f58640e7be0e9421a441ff7a6f3a1f15b7c8 is outside v1.25.0 (merged after it) — not counted
  #457 4e2b1fe34ec22b0eac4d0fa1deb26cad5579e0bc is outside v1.25.0 (merged after it) — not counted
  #430 efcb97f617e7aedc367ec716c469156d903b636b is outside v1.25.0 (merged after it) — not counted
GATE T v1.25.0 cut 2026-09-04T00:13:32Z: 27 PR(s), 1 ticket(s) labelled release:v1.25.0 ok
  #536 ff9b1818a5090e715183d41ae331a69b7612cacd is outside v1.25.1 (merged after it) — not counted
  #532 b4719737775ab1ebdb493e019affd0230c994ed8 is outside v1.25.1 (merged after it) — not counted
  #527 20e80f645cc34688415843bd36f2cc66fad6f117 is outside v1.25.1 (merged after it) — not counted
  #524 7e889f5bf2785c684a44800c6be670aa1621c055 is outside v1.25.1 (merged after it) — not counted
  #523 d64a57ccdb23f395088a1a2bed9ec45d8bb35776 is outside v1.25.1 (merged after it) — not counted
  #519 5c361bd4fc74c9ade3a45f54bfc622ff06ce94ec is outside v1.25.1 (merged after it) — not counted
  #518 c5e4aaa34dabc4ad73aa81893656847efa4710f5 is outside v1.25.1 (merged after it) — not counted
  #517 f98b388d751275f691ca9fa3f44f517c9928d0f0 is outside v1.25.1 (merged after it) — not counted
  #516 cc33944917448a93dc4573b5748bea290728d655 is outside v1.25.1 (merged after it) — not counted
  #515 6b670b19e8793392f15d0be4dbb746ce8560cdaf is outside v1.25.1 (merged after it) — not counted
  #514 0c1277c6bf6f914c4edddd3e93e669ea6239a6b4 is outside v1.25.1 (merged after it) — not counted
  #513 a138c809dedd5e9dddf6e1576e646b482e40b205 is outside v1.25.1 (merged after it) — not counted
  #511 d7028f5bcab9180090a34bed36a4dfeec829a5f1 is outside v1.25.1 (merged after it) — not counted
  #510 aff6be716986441101f839446b7285ff0b2ba7c9 is outside v1.25.1 (merged after it) — not counted
  #509 b3e5812de31fb184ce774ec286caaf7a1333b8a2 is outside v1.25.1 (merged after it) — not counted
  #508 cdcc0e80a17a95158fbf9693556df81149020401 is outside v1.25.1 (merged after it) — not counted
  #507 191770fa7cc01d2b9e8f32a866f0e8f1beaa2fe1 is outside v1.25.1 (merged after it) — not counted
  #505 8e8e79e4aa2c205f32151977efccb59b14f838bd is outside v1.25.1 (merged after it) — not counted
  #504 be86315358c1a06dbd1b41f65b6653fc5d1f6a7b is outside v1.25.1 (merged after it) — not counted
  #502 643363b3bca8b3d8abce55878f3a54fd0908c32a is outside v1.25.1 (merged after it) — not counted
  #500 bc2819cce43e0ccac0812a6d1acbd1e6adb1501f is outside v1.25.1 (merged after it) — not counted
  #498 4fd707630570d6ed5bdbfc34fdbdeeefc4b590ad is outside v1.25.1 (merged after it) — not counted
  #496 d14ffaaf374a5cc483aa2d295f199ad6d02bc8bc is outside v1.25.1 (merged after it) — not counted
  #494 3a8b415eee4fc1c0c75eb4af802f62ae98dc1984 is outside v1.25.1 (merged after it) — not counted
  #493 2826c449941cfcf175d9ab7a4c8d5dbca12ad136 is outside v1.25.1 (merged after it) — not counted
  #490 54e36f130a4a12b623576d0332aae44f779dc34e is outside v1.25.1 (merged after it) — not counted
  #484 19b9c1f1e42ea254b3322e526d451835fb92e480 is outside v1.25.1 (merged after it) — not counted
  #483 818a060d972b2eb9deceb795334afea29dd28f0d is outside v1.25.1 (merged after it) — not counted
  #482 b2442fe09064e8d0445da9f2d3c834b8d7940317 is outside v1.25.1 (merged after it) — not counted
  #481 de4dee15dcfd048588a3575950d24456790fec9f is outside v1.25.1 (merged after it) — not counted
  #480 2acefaec0c9fd59b7e34ccabf467a52d4f553b86 is outside v1.25.1 (merged after it) — not counted
  #479 d9ba922264ecdda7f18917a160c7e8c4e2662f71 is outside v1.25.1 (merged after it) — not counted
  #478 bc46113c8fec9eae37f7193b2c452138ad3647d2 is outside v1.25.1 (merged after it) — not counted
  #477 6b80b748c230a4b95dd53b46c262b7b27f37c8a3 is outside v1.25.1 (merged after it) — not counted
  #476 ccfe23930eb485eb03cc4bd46de690430ab85aec is outside v1.25.1 (merged after it) — not counted
  #473 0776fd82a57158a87b7dc3e7602a12dee52db893 is outside v1.25.1 (merged after it) — not counted
  #472 a8efff16c57e39efffdbe5ace621c789487ecd34 is outside v1.25.1 (merged after it) — not counted
  #465 20a255b0be1300e74fdd9188b2cb2073434c57b2 is outside v1.25.1 (merged after it) — not counted
  #464 09f7dc1156fe8f90e0464f583ba916df990c5d2a is outside v1.25.1 (merged after it) — not counted
  #461 b190750f49e0ad2b13cca8eba5395711af7b54e4 is outside v1.25.1 (merged after it) — not counted
  #460 a61bdb37b85418e6e8256d9d22ab88af00764b74 is outside v1.25.1 (merged after it) — not counted
  #459 90256aae082932e57b28f4bb4fc4f2f1c504549c is outside v1.25.1 (merged after it) — not counted
  #458 9955f58640e7be0e9421a441ff7a6f3a1f15b7c8 is outside v1.25.1 (merged after it) — not counted
  #455 120f29b08f3783eaf41e220cbe4b5c673849ff85 is inside v1.25.0 (the previous release) — not counted
  #430 efcb97f617e7aedc367ec716c469156d903b636b is outside v1.25.1 (merged after it) — not counted
GATE T v1.25.1 cut 2026-09-04T02:07:29Z: 1 PR(s), 0 ticket(s) labelled release:v1.25.1 ok
  #536 ff9b1818a5090e715183d41ae331a69b7612cacd is outside v1.25.2 (merged after it) — not counted
  #532 b4719737775ab1ebdb493e019affd0230c994ed8 is outside v1.25.2 (merged after it) — not counted
  #527 20e80f645cc34688415843bd36f2cc66fad6f117 is outside v1.25.2 (merged after it) — not counted
  #524 7e889f5bf2785c684a44800c6be670aa1621c055 is outside v1.25.2 (merged after it) — not counted
  #523 d64a57ccdb23f395088a1a2bed9ec45d8bb35776 is outside v1.25.2 (merged after it) — not counted
  #519 5c361bd4fc74c9ade3a45f54bfc622ff06ce94ec is outside v1.25.2 (merged after it) — not counted
  #518 c5e4aaa34dabc4ad73aa81893656847efa4710f5 is outside v1.25.2 (merged after it) — not counted
  #517 f98b388d751275f691ca9fa3f44f517c9928d0f0 is outside v1.25.2 (merged after it) — not counted
  #516 cc33944917448a93dc4573b5748bea290728d655 is outside v1.25.2 (merged after it) — not counted
  #515 6b670b19e8793392f15d0be4dbb746ce8560cdaf is outside v1.25.2 (merged after it) — not counted
  #514 0c1277c6bf6f914c4edddd3e93e669ea6239a6b4 is outside v1.25.2 (merged after it) — not counted
  #513 a138c809dedd5e9dddf6e1576e646b482e40b205 is outside v1.25.2 (merged after it) — not counted
  #511 d7028f5bcab9180090a34bed36a4dfeec829a5f1 is outside v1.25.2 (merged after it) — not counted
  #510 aff6be716986441101f839446b7285ff0b2ba7c9 is outside v1.25.2 (merged after it) — not counted
  #509 b3e5812de31fb184ce774ec286caaf7a1333b8a2 is outside v1.25.2 (merged after it) — not counted
  #508 cdcc0e80a17a95158fbf9693556df81149020401 is outside v1.25.2 (merged after it) — not counted
  #507 191770fa7cc01d2b9e8f32a866f0e8f1beaa2fe1 is outside v1.25.2 (merged after it) — not counted
  #505 8e8e79e4aa2c205f32151977efccb59b14f838bd is outside v1.25.2 (merged after it) — not counted
  #504 be86315358c1a06dbd1b41f65b6653fc5d1f6a7b is outside v1.25.2 (merged after it) — not counted
  #502 643363b3bca8b3d8abce55878f3a54fd0908c32a is outside v1.25.2 (merged after it) — not counted
  #500 bc2819cce43e0ccac0812a6d1acbd1e6adb1501f is outside v1.25.2 (merged after it) — not counted
  #498 4fd707630570d6ed5bdbfc34fdbdeeefc4b590ad is outside v1.25.2 (merged after it) — not counted
  #496 d14ffaaf374a5cc483aa2d295f199ad6d02bc8bc is outside v1.25.2 (merged after it) — not counted
  #494 3a8b415eee4fc1c0c75eb4af802f62ae98dc1984 is outside v1.25.2 (merged after it) — not counted
  #493 2826c449941cfcf175d9ab7a4c8d5dbca12ad136 is outside v1.25.2 (merged after it) — not counted
  #490 54e36f130a4a12b623576d0332aae44f779dc34e is outside v1.25.2 (merged after it) — not counted
  #484 19b9c1f1e42ea254b3322e526d451835fb92e480 is outside v1.25.2 (merged after it) — not counted
  #483 818a060d972b2eb9deceb795334afea29dd28f0d is outside v1.25.2 (merged after it) — not counted
  #482 b2442fe09064e8d0445da9f2d3c834b8d7940317 is outside v1.25.2 (merged after it) — not counted
  #481 de4dee15dcfd048588a3575950d24456790fec9f is outside v1.25.2 (merged after it) — not counted
  #480 2acefaec0c9fd59b7e34ccabf467a52d4f553b86 is outside v1.25.2 (merged after it) — not counted
  #479 d9ba922264ecdda7f18917a160c7e8c4e2662f71 is outside v1.25.2 (merged after it) — not counted
  #478 bc46113c8fec9eae37f7193b2c452138ad3647d2 is outside v1.25.2 (merged after it) — not counted
  #477 6b80b748c230a4b95dd53b46c262b7b27f37c8a3 is outside v1.25.2 (merged after it) — not counted
  #476 ccfe23930eb485eb03cc4bd46de690430ab85aec is outside v1.25.2 (merged after it) — not counted
  #473 0776fd82a57158a87b7dc3e7602a12dee52db893 is outside v1.25.2 (merged after it) — not counted
  #472 a8efff16c57e39efffdbe5ace621c789487ecd34 is outside v1.25.2 (merged after it) — not counted
  #457 4e2b1fe34ec22b0eac4d0fa1deb26cad5579e0bc is inside v1.25.1 (the previous release) — not counted
GATE T v1.25.2 cut 2026-09-05T16:25:29Z: 7 PR(s), 2 ticket(s) labelled release:v1.25.2 ok
  #536 ff9b1818a5090e715183d41ae331a69b7612cacd is outside v1.26.0 (merged after it) — not counted
  #532 b4719737775ab1ebdb493e019affd0230c994ed8 is outside v1.26.0 (merged after it) — not counted
  #527 20e80f645cc34688415843bd36f2cc66fad6f117 is outside v1.26.0 (merged after it) — not counted
  #524 7e889f5bf2785c684a44800c6be670aa1621c055 is outside v1.26.0 (merged after it) — not counted
  #523 d64a57ccdb23f395088a1a2bed9ec45d8bb35776 is outside v1.26.0 (merged after it) — not counted
  #519 5c361bd4fc74c9ade3a45f54bfc622ff06ce94ec is outside v1.26.0 (merged after it) — not counted
  #518 c5e4aaa34dabc4ad73aa81893656847efa4710f5 is outside v1.26.0 (merged after it) — not counted
  #517 f98b388d751275f691ca9fa3f44f517c9928d0f0 is outside v1.26.0 (merged after it) — not counted
  #516 cc33944917448a93dc4573b5748bea290728d655 is outside v1.26.0 (merged after it) — not counted
  #515 6b670b19e8793392f15d0be4dbb746ce8560cdaf is outside v1.26.0 (merged after it) — not counted
  #514 0c1277c6bf6f914c4edddd3e93e669ea6239a6b4 is outside v1.26.0 (merged after it) — not counted
  #513 a138c809dedd5e9dddf6e1576e646b482e40b205 is outside v1.26.0 (merged after it) — not counted
  #511 d7028f5bcab9180090a34bed36a4dfeec829a5f1 is outside v1.26.0 (merged after it) — not counted
  #510 aff6be716986441101f839446b7285ff0b2ba7c9 is outside v1.26.0 (merged after it) — not counted
  #509 b3e5812de31fb184ce774ec286caaf7a1333b8a2 is outside v1.26.0 (merged after it) — not counted
  #508 cdcc0e80a17a95158fbf9693556df81149020401 is outside v1.26.0 (merged after it) — not counted
  #507 191770fa7cc01d2b9e8f32a866f0e8f1beaa2fe1 is outside v1.26.0 (merged after it) — not counted
  #505 8e8e79e4aa2c205f32151977efccb59b14f838bd is outside v1.26.0 (merged after it) — not counted
  #504 be86315358c1a06dbd1b41f65b6653fc5d1f6a7b is outside v1.26.0 (merged after it) — not counted
  #502 643363b3bca8b3d8abce55878f3a54fd0908c32a is outside v1.26.0 (merged after it) — not counted
  #500 bc2819cce43e0ccac0812a6d1acbd1e6adb1501f is outside v1.26.0 (merged after it) — not counted
  #498 4fd707630570d6ed5bdbfc34fdbdeeefc4b590ad is outside v1.26.0 (merged after it) — not counted
  #496 d14ffaaf374a5cc483aa2d295f199ad6d02bc8bc is outside v1.26.0 (merged after it) — not counted
  #494 3a8b415eee4fc1c0c75eb4af802f62ae98dc1984 is outside v1.26.0 (merged after it) — not counted
  #493 2826c449941cfcf175d9ab7a4c8d5dbca12ad136 is outside v1.26.0 (merged after it) — not counted
  #490 54e36f130a4a12b623576d0332aae44f779dc34e is outside v1.26.0 (merged after it) — not counted
  #484 19b9c1f1e42ea254b3322e526d451835fb92e480 is outside v1.26.0 (merged after it) — not counted
  #465 20a255b0be1300e74fdd9188b2cb2073434c57b2 is inside v1.25.2 (the previous release) — not counted
GATE T v1.26.0 cut 2026-09-08T12:02:13Z: 10 PR(s), 9 ticket(s) labelled release:v1.26.0 ok
  #536 ff9b1818a5090e715183d41ae331a69b7612cacd is outside v1.27.0 (merged after it) — not counted
  #532 b4719737775ab1ebdb493e019affd0230c994ed8 is outside v1.27.0 (merged after it) — not counted
  #527 20e80f645cc34688415843bd36f2cc66fad6f117 is outside v1.27.0 (merged after it) — not counted
  #524 7e889f5bf2785c684a44800c6be670aa1621c055 is outside v1.27.0 (merged after it) — not counted
  #523 d64a57ccdb23f395088a1a2bed9ec45d8bb35776 is outside v1.27.0 (merged after it) — not counted
  #519 5c361bd4fc74c9ade3a45f54bfc622ff06ce94ec is outside v1.27.0 (merged after it) — not counted
  #518 c5e4aaa34dabc4ad73aa81893656847efa4710f5 is outside v1.27.0 (merged after it) — not counted
  #517 f98b388d751275f691ca9fa3f44f517c9928d0f0 is outside v1.27.0 (merged after it) — not counted
  #516 cc33944917448a93dc4573b5748bea290728d655 is outside v1.27.0 (merged after it) — not counted
  #515 6b670b19e8793392f15d0be4dbb746ce8560cdaf is outside v1.27.0 (merged after it) — not counted
  #514 0c1277c6bf6f914c4edddd3e93e669ea6239a6b4 is outside v1.27.0 (merged after it) — not counted
  #513 a138c809dedd5e9dddf6e1576e646b482e40b205 is outside v1.27.0 (merged after it) — not counted
  #511 d7028f5bcab9180090a34bed36a4dfeec829a5f1 is outside v1.27.0 (merged after it) — not counted
  #510 aff6be716986441101f839446b7285ff0b2ba7c9 is outside v1.27.0 (merged after it) — not counted
  #509 b3e5812de31fb184ce774ec286caaf7a1333b8a2 is outside v1.27.0 (merged after it) — not counted
  #508 cdcc0e80a17a95158fbf9693556df81149020401 is outside v1.27.0 (merged after it) — not counted
  #507 191770fa7cc01d2b9e8f32a866f0e8f1beaa2fe1 is outside v1.27.0 (merged after it) — not counted
  #505 8e8e79e4aa2c205f32151977efccb59b14f838bd is outside v1.27.0 (merged after it) — not counted
  #504 be86315358c1a06dbd1b41f65b6653fc5d1f6a7b is outside v1.27.0 (merged after it) — not counted
  #502 643363b3bca8b3d8abce55878f3a54fd0908c32a is outside v1.27.0 (merged after it) — not counted
  #500 bc2819cce43e0ccac0812a6d1acbd1e6adb1501f is outside v1.27.0 (merged after it) — not counted
  #498 4fd707630570d6ed5bdbfc34fdbdeeefc4b590ad is outside v1.27.0 (merged after it) — not counted
  #496 d14ffaaf374a5cc483aa2d295f199ad6d02bc8bc is outside v1.27.0 (merged after it) — not counted
  #494 3a8b415eee4fc1c0c75eb4af802f62ae98dc1984 is outside v1.27.0 (merged after it) — not counted
  #493 2826c449941cfcf175d9ab7a4c8d5dbca12ad136 is outside v1.27.0 (merged after it) — not counted
  #483 818a060d972b2eb9deceb795334afea29dd28f0d is inside v1.26.0 (the previous release) — not counted
GATE T v1.27.0 cut 2026-09-08T22:10:01Z: 2 PR(s), 4 ticket(s) labelled release:v1.27.0 ok
  #536 ff9b1818a5090e715183d41ae331a69b7612cacd is outside v1.28.0 (merged after it) — not counted
  #532 b4719737775ab1ebdb493e019affd0230c994ed8 is outside v1.28.0 (merged after it) — not counted
  #527 20e80f645cc34688415843bd36f2cc66fad6f117 is outside v1.28.0 (merged after it) — not counted
  #524 7e889f5bf2785c684a44800c6be670aa1621c055 is outside v1.28.0 (merged after it) — not counted
  #523 d64a57ccdb23f395088a1a2bed9ec45d8bb35776 is outside v1.28.0 (merged after it) — not counted
  #519 5c361bd4fc74c9ade3a45f54bfc622ff06ce94ec is outside v1.28.0 (merged after it) — not counted
  #518 c5e4aaa34dabc4ad73aa81893656847efa4710f5 is outside v1.28.0 (merged after it) — not counted
  #517 f98b388d751275f691ca9fa3f44f517c9928d0f0 is outside v1.28.0 (merged after it) — not counted
  #516 cc33944917448a93dc4573b5748bea290728d655 is outside v1.28.0 (merged after it) — not counted
  #515 6b670b19e8793392f15d0be4dbb746ce8560cdaf is outside v1.28.0 (merged after it) — not counted
  #514 0c1277c6bf6f914c4edddd3e93e669ea6239a6b4 is outside v1.28.0 (merged after it) — not counted
  #513 a138c809dedd5e9dddf6e1576e646b482e40b205 is outside v1.28.0 (merged after it) — not counted
  #511 d7028f5bcab9180090a34bed36a4dfeec829a5f1 is outside v1.28.0 (merged after it) — not counted
  #510 aff6be716986441101f839446b7285ff0b2ba7c9 is outside v1.28.0 (merged after it) — not counted
  #509 b3e5812de31fb184ce774ec286caaf7a1333b8a2 is outside v1.28.0 (merged after it) — not counted
  #490 54e36f130a4a12b623576d0332aae44f779dc34e is inside v1.27.0 (the previous release) — not counted
GATE T v1.28.0 cut 2026-09-10T16:07:14Z: 10 PR(s), 10 ticket(s) labelled release:v1.28.0 ok
  #536 ff9b1818a5090e715183d41ae331a69b7612cacd is outside v1.29.0 (merged after it) — not counted
  #532 b4719737775ab1ebdb493e019affd0230c994ed8 is outside v1.29.0 (merged after it) — not counted
  #508 cdcc0e80a17a95158fbf9693556df81149020401 is inside v1.28.0 (the previous release) — not counted
GATE T FAIL v1.29.0: the cookbook at 7c100454e8f9fb2b5b13f076b773f808071d5e08 LOCKS forjar 1.2.1 and the release is 1.29.0 — the requirement 1.2 admits it, but a requirement is a range and the lock is what cargo builds, so that cookbook was never compiled against this release. Update paiml/forjar-cookbook's Cargo.lock to 1.29.0 and name the resulting commit here (PMAT-537)

### GREEN — this branch, the row naming 0be3e1ec
  #536 ff9b1818a5090e715183d41ae331a69b7612cacd is outside v1.25.0 (merged after it) — not counted
  #532 b4719737775ab1ebdb493e019affd0230c994ed8 is outside v1.25.0 (merged after it) — not counted
  #527 20e80f645cc34688415843bd36f2cc66fad6f117 is outside v1.25.0 (merged after it) — not counted
  #524 7e889f5bf2785c684a44800c6be670aa1621c055 is outside v1.25.0 (merged after it) — not counted
  #523 d64a57ccdb23f395088a1a2bed9ec45d8bb35776 is outside v1.25.0 (merged after it) — not counted
  #519 5c361bd4fc74c9ade3a45f54bfc622ff06ce94ec is outside v1.25.0 (merged after it) — not counted
  #518 c5e4aaa34dabc4ad73aa81893656847efa4710f5 is outside v1.25.0 (merged after it) — not counted
  #517 f98b388d751275f691ca9fa3f44f517c9928d0f0 is outside v1.25.0 (merged after it) — not counted
  #516 cc33944917448a93dc4573b5748bea290728d655 is outside v1.25.0 (merged after it) — not counted
  #515 6b670b19e8793392f15d0be4dbb746ce8560cdaf is outside v1.25.0 (merged after it) — not counted
  #514 0c1277c6bf6f914c4edddd3e93e669ea6239a6b4 is outside v1.25.0 (merged after it) — not counted
  #513 a138c809dedd5e9dddf6e1576e646b482e40b205 is outside v1.25.0 (merged after it) — not counted
  #511 d7028f5bcab9180090a34bed36a4dfeec829a5f1 is outside v1.25.0 (merged after it) — not counted
  #510 aff6be716986441101f839446b7285ff0b2ba7c9 is outside v1.25.0 (merged after it) — not counted
  #509 b3e5812de31fb184ce774ec286caaf7a1333b8a2 is outside v1.25.0 (merged after it) — not counted
  #508 cdcc0e80a17a95158fbf9693556df81149020401 is outside v1.25.0 (merged after it) — not counted
  #507 191770fa7cc01d2b9e8f32a866f0e8f1beaa2fe1 is outside v1.25.0 (merged after it) — not counted
  #505 8e8e79e4aa2c205f32151977efccb59b14f838bd is outside v1.25.0 (merged after it) — not counted
  #504 be86315358c1a06dbd1b41f65b6653fc5d1f6a7b is outside v1.25.0 (merged after it) — not counted
  #502 643363b3bca8b3d8abce55878f3a54fd0908c32a is outside v1.25.0 (merged after it) — not counted
  #500 bc2819cce43e0ccac0812a6d1acbd1e6adb1501f is outside v1.25.0 (merged after it) — not counted
  #498 4fd707630570d6ed5bdbfc34fdbdeeefc4b590ad is outside v1.25.0 (merged after it) — not counted
  #496 d14ffaaf374a5cc483aa2d295f199ad6d02bc8bc is outside v1.25.0 (merged after it) — not counted
  #494 3a8b415eee4fc1c0c75eb4af802f62ae98dc1984 is outside v1.25.0 (merged after it) — not counted
  #493 2826c449941cfcf175d9ab7a4c8d5dbca12ad136 is outside v1.25.0 (merged after it) — not counted
  #490 54e36f130a4a12b623576d0332aae44f779dc34e is outside v1.25.0 (merged after it) — not counted
  #484 19b9c1f1e42ea254b3322e526d451835fb92e480 is outside v1.25.0 (merged after it) — not counted
  #483 818a060d972b2eb9deceb795334afea29dd28f0d is outside v1.25.0 (merged after it) — not counted
  #482 b2442fe09064e8d0445da9f2d3c834b8d7940317 is outside v1.25.0 (merged after it) — not counted
  #481 de4dee15dcfd048588a3575950d24456790fec9f is outside v1.25.0 (merged after it) — not counted
  #480 2acefaec0c9fd59b7e34ccabf467a52d4f553b86 is outside v1.25.0 (merged after it) — not counted
  #479 d9ba922264ecdda7f18917a160c7e8c4e2662f71 is outside v1.25.0 (merged after it) — not counted
  #478 bc46113c8fec9eae37f7193b2c452138ad3647d2 is outside v1.25.0 (merged after it) — not counted
  #477 6b80b748c230a4b95dd53b46c262b7b27f37c8a3 is outside v1.25.0 (merged after it) — not counted
  #476 ccfe23930eb485eb03cc4bd46de690430ab85aec is outside v1.25.0 (merged after it) — not counted
  #473 0776fd82a57158a87b7dc3e7602a12dee52db893 is outside v1.25.0 (merged after it) — not counted
  #472 a8efff16c57e39efffdbe5ace621c789487ecd34 is outside v1.25.0 (merged after it) — not counted
  #465 20a255b0be1300e74fdd9188b2cb2073434c57b2 is outside v1.25.0 (merged after it) — not counted
  #464 09f7dc1156fe8f90e0464f583ba916df990c5d2a is outside v1.25.0 (merged after it) — not counted
  #461 b190750f49e0ad2b13cca8eba5395711af7b54e4 is outside v1.25.0 (merged after it) — not counted
  #460 a61bdb37b85418e6e8256d9d22ab88af00764b74 is outside v1.25.0 (merged after it) — not counted
  #459 90256aae082932e57b28f4bb4fc4f2f1c504549c is outside v1.25.0 (merged after it) — not counted
  #458 9955f58640e7be0e9421a441ff7a6f3a1f15b7c8 is outside v1.25.0 (merged after it) — not counted
  #457 4e2b1fe34ec22b0eac4d0fa1deb26cad5579e0bc is outside v1.25.0 (merged after it) — not counted
  #430 efcb97f617e7aedc367ec716c469156d903b636b is outside v1.25.0 (merged after it) — not counted
GATE T v1.25.0 cut 2026-09-04T00:13:32Z: 27 PR(s), 1 ticket(s) labelled release:v1.25.0 ok
  #536 ff9b1818a5090e715183d41ae331a69b7612cacd is outside v1.25.1 (merged after it) — not counted
  #532 b4719737775ab1ebdb493e019affd0230c994ed8 is outside v1.25.1 (merged after it) — not counted
  #527 20e80f645cc34688415843bd36f2cc66fad6f117 is outside v1.25.1 (merged after it) — not counted
  #524 7e889f5bf2785c684a44800c6be670aa1621c055 is outside v1.25.1 (merged after it) — not counted
  #523 d64a57ccdb23f395088a1a2bed9ec45d8bb35776 is outside v1.25.1 (merged after it) — not counted
  #519 5c361bd4fc74c9ade3a45f54bfc622ff06ce94ec is outside v1.25.1 (merged after it) — not counted
  #518 c5e4aaa34dabc4ad73aa81893656847efa4710f5 is outside v1.25.1 (merged after it) — not counted
  #517 f98b388d751275f691ca9fa3f44f517c9928d0f0 is outside v1.25.1 (merged after it) — not counted
  #516 cc33944917448a93dc4573b5748bea290728d655 is outside v1.25.1 (merged after it) — not counted
  #515 6b670b19e8793392f15d0be4dbb746ce8560cdaf is outside v1.25.1 (merged after it) — not counted
  #514 0c1277c6bf6f914c4edddd3e93e669ea6239a6b4 is outside v1.25.1 (merged after it) — not counted
  #513 a138c809dedd5e9dddf6e1576e646b482e40b205 is outside v1.25.1 (merged after it) — not counted
  #511 d7028f5bcab9180090a34bed36a4dfeec829a5f1 is outside v1.25.1 (merged after it) — not counted
  #510 aff6be716986441101f839446b7285ff0b2ba7c9 is outside v1.25.1 (merged after it) — not counted
  #509 b3e5812de31fb184ce774ec286caaf7a1333b8a2 is outside v1.25.1 (merged after it) — not counted
  #508 cdcc0e80a17a95158fbf9693556df81149020401 is outside v1.25.1 (merged after it) — not counted
  #507 191770fa7cc01d2b9e8f32a866f0e8f1beaa2fe1 is outside v1.25.1 (merged after it) — not counted
  #505 8e8e79e4aa2c205f32151977efccb59b14f838bd is outside v1.25.1 (merged after it) — not counted
  #504 be86315358c1a06dbd1b41f65b6653fc5d1f6a7b is outside v1.25.1 (merged after it) — not counted
  #502 643363b3bca8b3d8abce55878f3a54fd0908c32a is outside v1.25.1 (merged after it) — not counted
  #500 bc2819cce43e0ccac0812a6d1acbd1e6adb1501f is outside v1.25.1 (merged after it) — not counted
  #498 4fd707630570d6ed5bdbfc34fdbdeeefc4b590ad is outside v1.25.1 (merged after it) — not counted
  #496 d14ffaaf374a5cc483aa2d295f199ad6d02bc8bc is outside v1.25.1 (merged after it) — not counted
  #494 3a8b415eee4fc1c0c75eb4af802f62ae98dc1984 is outside v1.25.1 (merged after it) — not counted
  #493 2826c449941cfcf175d9ab7a4c8d5dbca12ad136 is outside v1.25.1 (merged after it) — not counted
  #490 54e36f130a4a12b623576d0332aae44f779dc34e is outside v1.25.1 (merged after it) — not counted
  #484 19b9c1f1e42ea254b3322e526d451835fb92e480 is outside v1.25.1 (merged after it) — not counted
  #483 818a060d972b2eb9deceb795334afea29dd28f0d is outside v1.25.1 (merged after it) — not counted
  #482 b2442fe09064e8d0445da9f2d3c834b8d7940317 is outside v1.25.1 (merged after it) — not counted
  #481 de4dee15dcfd048588a3575950d24456790fec9f is outside v1.25.1 (merged after it) — not counted
  #480 2acefaec0c9fd59b7e34ccabf467a52d4f553b86 is outside v1.25.1 (merged after it) — not counted
  #479 d9ba922264ecdda7f18917a160c7e8c4e2662f71 is outside v1.25.1 (merged after it) — not counted
  #478 bc46113c8fec9eae37f7193b2c452138ad3647d2 is outside v1.25.1 (merged after it) — not counted
  #477 6b80b748c230a4b95dd53b46c262b7b27f37c8a3 is outside v1.25.1 (merged after it) — not counted
  #476 ccfe23930eb485eb03cc4bd46de690430ab85aec is outside v1.25.1 (merged after it) — not counted
  #473 0776fd82a57158a87b7dc3e7602a12dee52db893 is outside v1.25.1 (merged after it) — not counted
  #472 a8efff16c57e39efffdbe5ace621c789487ecd34 is outside v1.25.1 (merged after it) — not counted
  #465 20a255b0be1300e74fdd9188b2cb2073434c57b2 is outside v1.25.1 (merged after it) — not counted
  #464 09f7dc1156fe8f90e0464f583ba916df990c5d2a is outside v1.25.1 (merged after it) — not counted
  #461 b190750f49e0ad2b13cca8eba5395711af7b54e4 is outside v1.25.1 (merged after it) — not counted
  #460 a61bdb37b85418e6e8256d9d22ab88af00764b74 is outside v1.25.1 (merged after it) — not counted
  #459 90256aae082932e57b28f4bb4fc4f2f1c504549c is outside v1.25.1 (merged after it) — not counted
  #458 9955f58640e7be0e9421a441ff7a6f3a1f15b7c8 is outside v1.25.1 (merged after it) — not counted
  #455 120f29b08f3783eaf41e220cbe4b5c673849ff85 is inside v1.25.0 (the previous release) — not counted
  #430 efcb97f617e7aedc367ec716c469156d903b636b is outside v1.25.1 (merged after it) — not counted
GATE T v1.25.1 cut 2026-09-04T02:07:29Z: 1 PR(s), 0 ticket(s) labelled release:v1.25.1 ok
  #536 ff9b1818a5090e715183d41ae331a69b7612cacd is outside v1.25.2 (merged after it) — not counted
  #532 b4719737775ab1ebdb493e019affd0230c994ed8 is outside v1.25.2 (merged after it) — not counted
  #527 20e80f645cc34688415843bd36f2cc66fad6f117 is outside v1.25.2 (merged after it) — not counted
  #524 7e889f5bf2785c684a44800c6be670aa1621c055 is outside v1.25.2 (merged after it) — not counted
  #523 d64a57ccdb23f395088a1a2bed9ec45d8bb35776 is outside v1.25.2 (merged after it) — not counted
  #519 5c361bd4fc74c9ade3a45f54bfc622ff06ce94ec is outside v1.25.2 (merged after it) — not counted
  #518 c5e4aaa34dabc4ad73aa81893656847efa4710f5 is outside v1.25.2 (merged after it) — not counted
  #517 f98b388d751275f691ca9fa3f44f517c9928d0f0 is outside v1.25.2 (merged after it) — not counted
  #516 cc33944917448a93dc4573b5748bea290728d655 is outside v1.25.2 (merged after it) — not counted
  #515 6b670b19e8793392f15d0be4dbb746ce8560cdaf is outside v1.25.2 (merged after it) — not counted
  #514 0c1277c6bf6f914c4edddd3e93e669ea6239a6b4 is outside v1.25.2 (merged after it) — not counted
  #513 a138c809dedd5e9dddf6e1576e646b482e40b205 is outside v1.25.2 (merged after it) — not counted
  #511 d7028f5bcab9180090a34bed36a4dfeec829a5f1 is outside v1.25.2 (merged after it) — not counted
  #510 aff6be716986441101f839446b7285ff0b2ba7c9 is outside v1.25.2 (merged after it) — not counted
  #509 b3e5812de31fb184ce774ec286caaf7a1333b8a2 is outside v1.25.2 (merged after it) — not counted
  #508 cdcc0e80a17a95158fbf9693556df81149020401 is outside v1.25.2 (merged after it) — not counted
  #507 191770fa7cc01d2b9e8f32a866f0e8f1beaa2fe1 is outside v1.25.2 (merged after it) — not counted
  #505 8e8e79e4aa2c205f32151977efccb59b14f838bd is outside v1.25.2 (merged after it) — not counted
  #504 be86315358c1a06dbd1b41f65b6653fc5d1f6a7b is outside v1.25.2 (merged after it) — not counted
  #502 643363b3bca8b3d8abce55878f3a54fd0908c32a is outside v1.25.2 (merged after it) — not counted
  #500 bc2819cce43e0ccac0812a6d1acbd1e6adb1501f is outside v1.25.2 (merged after it) — not counted
  #498 4fd707630570d6ed5bdbfc34fdbdeeefc4b590ad is outside v1.25.2 (merged after it) — not counted
  #496 d14ffaaf374a5cc483aa2d295f199ad6d02bc8bc is outside v1.25.2 (merged after it) — not counted
  #494 3a8b415eee4fc1c0c75eb4af802f62ae98dc1984 is outside v1.25.2 (merged after it) — not counted
  #493 2826c449941cfcf175d9ab7a4c8d5dbca12ad136 is outside v1.25.2 (merged after it) — not counted
  #490 54e36f130a4a12b623576d0332aae44f779dc34e is outside v1.25.2 (merged after it) — not counted
  #484 19b9c1f1e42ea254b3322e526d451835fb92e480 is outside v1.25.2 (merged after it) — not counted
  #483 818a060d972b2eb9deceb795334afea29dd28f0d is outside v1.25.2 (merged after it) — not counted
  #482 b2442fe09064e8d0445da9f2d3c834b8d7940317 is outside v1.25.2 (merged after it) — not counted
  #481 de4dee15dcfd048588a3575950d24456790fec9f is outside v1.25.2 (merged after it) — not counted
  #480 2acefaec0c9fd59b7e34ccabf467a52d4f553b86 is outside v1.25.2 (merged after it) — not counted
  #479 d9ba922264ecdda7f18917a160c7e8c4e2662f71 is outside v1.25.2 (merged after it) — not counted
  #478 bc46113c8fec9eae37f7193b2c452138ad3647d2 is outside v1.25.2 (merged after it) — not counted
  #477 6b80b748c230a4b95dd53b46c262b7b27f37c8a3 is outside v1.25.2 (merged after it) — not counted
  #476 ccfe23930eb485eb03cc4bd46de690430ab85aec is outside v1.25.2 (merged after it) — not counted
  #473 0776fd82a57158a87b7dc3e7602a12dee52db893 is outside v1.25.2 (merged after it) — not counted
  #472 a8efff16c57e39efffdbe5ace621c789487ecd34 is outside v1.25.2 (merged after it) — not counted
  #457 4e2b1fe34ec22b0eac4d0fa1deb26cad5579e0bc is inside v1.25.1 (the previous release) — not counted
GATE T v1.25.2 cut 2026-09-05T16:25:29Z: 7 PR(s), 2 ticket(s) labelled release:v1.25.2 ok
  #536 ff9b1818a5090e715183d41ae331a69b7612cacd is outside v1.26.0 (merged after it) — not counted
  #532 b4719737775ab1ebdb493e019affd0230c994ed8 is outside v1.26.0 (merged after it) — not counted
  #527 20e80f645cc34688415843bd36f2cc66fad6f117 is outside v1.26.0 (merged after it) — not counted
  #524 7e889f5bf2785c684a44800c6be670aa1621c055 is outside v1.26.0 (merged after it) — not counted
  #523 d64a57ccdb23f395088a1a2bed9ec45d8bb35776 is outside v1.26.0 (merged after it) — not counted
  #519 5c361bd4fc74c9ade3a45f54bfc622ff06ce94ec is outside v1.26.0 (merged after it) — not counted
  #518 c5e4aaa34dabc4ad73aa81893656847efa4710f5 is outside v1.26.0 (merged after it) — not counted
  #517 f98b388d751275f691ca9fa3f44f517c9928d0f0 is outside v1.26.0 (merged after it) — not counted
  #516 cc33944917448a93dc4573b5748bea290728d655 is outside v1.26.0 (merged after it) — not counted
  #515 6b670b19e8793392f15d0be4dbb746ce8560cdaf is outside v1.26.0 (merged after it) — not counted
  #514 0c1277c6bf6f914c4edddd3e93e669ea6239a6b4 is outside v1.26.0 (merged after it) — not counted
  #513 a138c809dedd5e9dddf6e1576e646b482e40b205 is outside v1.26.0 (merged after it) — not counted
  #511 d7028f5bcab9180090a34bed36a4dfeec829a5f1 is outside v1.26.0 (merged after it) — not counted
  #510 aff6be716986441101f839446b7285ff0b2ba7c9 is outside v1.26.0 (merged after it) — not counted
  #509 b3e5812de31fb184ce774ec286caaf7a1333b8a2 is outside v1.26.0 (merged after it) — not counted
  #508 cdcc0e80a17a95158fbf9693556df81149020401 is outside v1.26.0 (merged after it) — not counted
  #507 191770fa7cc01d2b9e8f32a866f0e8f1beaa2fe1 is outside v1.26.0 (merged after it) — not counted
  #505 8e8e79e4aa2c205f32151977efccb59b14f838bd is outside v1.26.0 (merged after it) — not counted
  #504 be86315358c1a06dbd1b41f65b6653fc5d1f6a7b is outside v1.26.0 (merged after it) — not counted
  #502 643363b3bca8b3d8abce55878f3a54fd0908c32a is outside v1.26.0 (merged after it) — not counted
  #500 bc2819cce43e0ccac0812a6d1acbd1e6adb1501f is outside v1.26.0 (merged after it) — not counted
  #498 4fd707630570d6ed5bdbfc34fdbdeeefc4b590ad is outside v1.26.0 (merged after it) — not counted
  #496 d14ffaaf374a5cc483aa2d295f199ad6d02bc8bc is outside v1.26.0 (merged after it) — not counted
  #494 3a8b415eee4fc1c0c75eb4af802f62ae98dc1984 is outside v1.26.0 (merged after it) — not counted
  #493 2826c449941cfcf175d9ab7a4c8d5dbca12ad136 is outside v1.26.0 (merged after it) — not counted
  #490 54e36f130a4a12b623576d0332aae44f779dc34e is outside v1.26.0 (merged after it) — not counted
  #484 19b9c1f1e42ea254b3322e526d451835fb92e480 is outside v1.26.0 (merged after it) — not counted
  #465 20a255b0be1300e74fdd9188b2cb2073434c57b2 is inside v1.25.2 (the previous release) — not counted
GATE T v1.26.0 cut 2026-09-08T12:02:13Z: 10 PR(s), 9 ticket(s) labelled release:v1.26.0 ok
  #536 ff9b1818a5090e715183d41ae331a69b7612cacd is outside v1.27.0 (merged after it) — not counted
  #532 b4719737775ab1ebdb493e019affd0230c994ed8 is outside v1.27.0 (merged after it) — not counted
  #527 20e80f645cc34688415843bd36f2cc66fad6f117 is outside v1.27.0 (merged after it) — not counted
  #524 7e889f5bf2785c684a44800c6be670aa1621c055 is outside v1.27.0 (merged after it) — not counted
  #523 d64a57ccdb23f395088a1a2bed9ec45d8bb35776 is outside v1.27.0 (merged after it) — not counted
  #519 5c361bd4fc74c9ade3a45f54bfc622ff06ce94ec is outside v1.27.0 (merged after it) — not counted
  #518 c5e4aaa34dabc4ad73aa81893656847efa4710f5 is outside v1.27.0 (merged after it) — not counted
  #517 f98b388d751275f691ca9fa3f44f517c9928d0f0 is outside v1.27.0 (merged after it) — not counted
  #516 cc33944917448a93dc4573b5748bea290728d655 is outside v1.27.0 (merged after it) — not counted
  #515 6b670b19e8793392f15d0be4dbb746ce8560cdaf is outside v1.27.0 (merged after it) — not counted
  #514 0c1277c6bf6f914c4edddd3e93e669ea6239a6b4 is outside v1.27.0 (merged after it) — not counted
  #513 a138c809dedd5e9dddf6e1576e646b482e40b205 is outside v1.27.0 (merged after it) — not counted
  #511 d7028f5bcab9180090a34bed36a4dfeec829a5f1 is outside v1.27.0 (merged after it) — not counted
  #510 aff6be716986441101f839446b7285ff0b2ba7c9 is outside v1.27.0 (merged after it) — not counted
  #509 b3e5812de31fb184ce774ec286caaf7a1333b8a2 is outside v1.27.0 (merged after it) — not counted
  #508 cdcc0e80a17a95158fbf9693556df81149020401 is outside v1.27.0 (merged after it) — not counted
  #507 191770fa7cc01d2b9e8f32a866f0e8f1beaa2fe1 is outside v1.27.0 (merged after it) — not counted
  #505 8e8e79e4aa2c205f32151977efccb59b14f838bd is outside v1.27.0 (merged after it) — not counted
  #504 be86315358c1a06dbd1b41f65b6653fc5d1f6a7b is outside v1.27.0 (merged after it) — not counted
  #502 643363b3bca8b3d8abce55878f3a54fd0908c32a is outside v1.27.0 (merged after it) — not counted
  #500 bc2819cce43e0ccac0812a6d1acbd1e6adb1501f is outside v1.27.0 (merged after it) — not counted
  #498 4fd707630570d6ed5bdbfc34fdbdeeefc4b590ad is outside v1.27.0 (merged after it) — not counted
  #496 d14ffaaf374a5cc483aa2d295f199ad6d02bc8bc is outside v1.27.0 (merged after it) — not counted
  #494 3a8b415eee4fc1c0c75eb4af802f62ae98dc1984 is outside v1.27.0 (merged after it) — not counted
  #493 2826c449941cfcf175d9ab7a4c8d5dbca12ad136 is outside v1.27.0 (merged after it) — not counted
  #483 818a060d972b2eb9deceb795334afea29dd28f0d is inside v1.26.0 (the previous release) — not counted
GATE T v1.27.0 cut 2026-09-08T22:10:01Z: 2 PR(s), 4 ticket(s) labelled release:v1.27.0 ok
  #536 ff9b1818a5090e715183d41ae331a69b7612cacd is outside v1.28.0 (merged after it) — not counted
  #532 b4719737775ab1ebdb493e019affd0230c994ed8 is outside v1.28.0 (merged after it) — not counted
  #527 20e80f645cc34688415843bd36f2cc66fad6f117 is outside v1.28.0 (merged after it) — not counted
  #524 7e889f5bf2785c684a44800c6be670aa1621c055 is outside v1.28.0 (merged after it) — not counted
  #523 d64a57ccdb23f395088a1a2bed9ec45d8bb35776 is outside v1.28.0 (merged after it) — not counted
  #519 5c361bd4fc74c9ade3a45f54bfc622ff06ce94ec is outside v1.28.0 (merged after it) — not counted
  #518 c5e4aaa34dabc4ad73aa81893656847efa4710f5 is outside v1.28.0 (merged after it) — not counted
  #517 f98b388d751275f691ca9fa3f44f517c9928d0f0 is outside v1.28.0 (merged after it) — not counted
  #516 cc33944917448a93dc4573b5748bea290728d655 is outside v1.28.0 (merged after it) — not counted
  #515 6b670b19e8793392f15d0be4dbb746ce8560cdaf is outside v1.28.0 (merged after it) — not counted
  #514 0c1277c6bf6f914c4edddd3e93e669ea6239a6b4 is outside v1.28.0 (merged after it) — not counted
  #513 a138c809dedd5e9dddf6e1576e646b482e40b205 is outside v1.28.0 (merged after it) — not counted
  #511 d7028f5bcab9180090a34bed36a4dfeec829a5f1 is outside v1.28.0 (merged after it) — not counted
  #510 aff6be716986441101f839446b7285ff0b2ba7c9 is outside v1.28.0 (merged after it) — not counted
  #509 b3e5812de31fb184ce774ec286caaf7a1333b8a2 is outside v1.28.0 (merged after it) — not counted
  #490 54e36f130a4a12b623576d0332aae44f779dc34e is inside v1.27.0 (the previous release) — not counted
GATE T v1.28.0 cut 2026-09-10T16:07:14Z: 10 PR(s), 10 ticket(s) labelled release:v1.28.0 ok
  #536 ff9b1818a5090e715183d41ae331a69b7612cacd is outside v1.29.0 (merged after it) — not counted
  #532 b4719737775ab1ebdb493e019affd0230c994ed8 is outside v1.29.0 (merged after it) — not counted
  #508 cdcc0e80a17a95158fbf9693556df81149020401 is inside v1.28.0 (the previous release) — not counted
GATE T v1.29.0 cookbook 0be3e1ec5481af5160c2bacd4311eaaa2b73904f requires forjar 1.29 and locks 1.29.0 ok
GATE T v1.29.0 cut 2026-09-11T19:55:10Z: 13 PR(s), 16 ticket(s) labelled release:v1.29.0 ok
  #527 20e80f645cc34688415843bd36f2cc66fad6f117 is inside v1.29.0 (the previous release) — not counted
GATE T PASS 7 tagged release(s) since v1.25.0 reconcile with git and GitHub and 42 ticket(s) carry their tag and say they shipped; 3 ticket(s) from 2 PR(s) merged since v1.29.0 carry release:v1.30.0; due 2026-09-13T19:55:10Z, 42h left

### the ten cases
warning: forjar-contracts@0.31.2: [contract] Assertions: 0 preconditions, 0 postconditions from YAML
   Compiling forjar v1.29.0 (/home/noah/src/forjar)
warning: forjar@1.29.0: CONTRACT: 45/45 bindings bound (0 partial, 0 not_implemented)
    Finished `test` profile [unoptimized + debuginfo] target(s) in 9.59s
     Running tests/falsification_release_cookbook_is_part_of_the_release.rs (/mnt/nvme-raid0/targets/forjar/debug/deps/falsification_release_cookbook_is_part_of_the_release-336739d6be6609dc)

running 10 tests
test the_requirement_rule_is_cargos_rule ... ok
test a_release_at_the_cookbook_floor_without_its_cookbook_commit_is_red ... ok
test a_cookbook_commit_that_cannot_be_read_is_unmeasured_and_red ... ok
test a_cookbook_field_that_is_not_a_commit_sha_is_red ... ok
test a_release_below_the_cookbook_floor_is_not_asked_for_one ... ok
test a_cookbook_lock_that_says_nothing_is_unmeasured_and_red ... ok
test a_cookbook_whose_lock_is_not_the_release_is_named_and_red ... ok
test the_cookbook_requirement_is_read_the_way_cargo_writes_it ... ok
test a_cookbook_that_cannot_build_against_the_release_is_red ... ok
test the_operator_reaches_the_rule_and_a_comment_does_not ... ok

test result: ok. 10 passed; 0 failed; 0 ignored; 0 measured; 0 filtered out; finished in 2.77s

