# reduced from PMAT-225-gate-T-mutant.log — 10617 bytes, sha256 0362adde79464e05193a76b0e4f7a0d32b998264aa96421bde142e03e4bd4601; head 40 lines, every 'test result' / GATE / _EXIT line, tail 40 lines
## head
  #505 8e8e79e4aa2c205f32151977efccb59b14f838bd is outside v1.25.0 (merged after it) — not counted
  #504 be86315358c1a06dbd1b41f65b6653fc5d1f6a7b is outside v1.25.0 (merged after it) — not counted
  #502 643363b3bca8b3d8abce55878f3a54fd0908c32a is outside v1.25.0 (merged after it) — not counted
  #500 bc2819cce43e0ccac0812a6d1acbd1e6adb1501f is outside v1.25.0 (merged after it) — not counted
  #498 4fd707630570d6ed5bdbfc34fdbdeeefc4b590ad is outside v1.25.0 (merged after it) — not counted
  #496 d14ffaaf374a5cc483aa2d295f199ad6d02bc8bc is outside v1.25.0 (merged after it) — not counted
  #494 3a8b415eee4fc1c0c75eb4af802f62ae98dc1984 is outside v1.25.0 (merged after it) — not counted
  #493 2826c449941cfcf175d9ab7a4c8d5dbca12ad136 is outside v1.25.0 (merged after it) — not counted
  #490 54e36f130a4a12b623576d0332aae44f779dc34e is outside v1.25.0 (merged after it) — not counted
  #484 19b9c1f1e42ea254b3322e526d451835fb92e480 is outside v1.25.0 (merged after it) — not counted
  #483 818a060d972b2eb9deceb795334afea29dd28f0d is outside v1.25.0 (merged after it) — not counted
  #482 b2442fe09064e8d0445da9f2d3c834b8d7940317 is outside v1.25.0 (merged after it) — not counted
  #481 de4dee15dcfd048588a3575950d24456790fec9f is outside v1.25.0 (merged after it) — not counted
  #480 2acefaec0c9fd59b7e34ccabf467a52d4f553b86 is outside v1.25.0 (merged after it) — not counted
  #479 d9ba922264ecdda7f18917a160c7e8c4e2662f71 is outside v1.25.0 (merged after it) — not counted
  #478 bc46113c8fec9eae37f7193b2c452138ad3647d2 is outside v1.25.0 (merged after it) — not counted
  #477 6b80b748c230a4b95dd53b46c262b7b27f37c8a3 is outside v1.25.0 (merged after it) — not counted
  #476 ccfe23930eb485eb03cc4bd46de690430ab85aec is outside v1.25.0 (merged after it) — not counted
  #473 0776fd82a57158a87b7dc3e7602a12dee52db893 is outside v1.25.0 (merged after it) — not counted
  #472 a8efff16c57e39efffdbe5ace621c789487ecd34 is outside v1.25.0 (merged after it) — not counted
  #465 20a255b0be1300e74fdd9188b2cb2073434c57b2 is outside v1.25.0 (merged after it) — not counted
  #464 09f7dc1156fe8f90e0464f583ba916df990c5d2a is outside v1.25.0 (merged after it) — not counted
  #461 b190750f49e0ad2b13cca8eba5395711af7b54e4 is outside v1.25.0 (merged after it) — not counted
  #460 a61bdb37b85418e6e8256d9d22ab88af00764b74 is outside v1.25.0 (merged after it) — not counted
  #459 90256aae082932e57b28f4bb4fc4f2f1c504549c is outside v1.25.0 (merged after it) — not counted
  #458 9955f58640e7be0e9421a441ff7a6f3a1f15b7c8 is outside v1.25.0 (merged after it) — not counted
  #457 4e2b1fe34ec22b0eac4d0fa1deb26cad5579e0bc is outside v1.25.0 (merged after it) — not counted
  #430 efcb97f617e7aedc367ec716c469156d903b636b is outside v1.25.0 (merged after it) — not counted
GATE T v1.25.0 cut 2026-09-04T00:13:32Z: 27 PR(s), 1 ticket(s) labelled release:v1.25.0 ok
  #505 8e8e79e4aa2c205f32151977efccb59b14f838bd is outside v1.25.1 (merged after it) — not counted
  #504 be86315358c1a06dbd1b41f65b6653fc5d1f6a7b is outside v1.25.1 (merged after it) — not counted
  #502 643363b3bca8b3d8abce55878f3a54fd0908c32a is outside v1.25.1 (merged after it) — not counted
  #500 bc2819cce43e0ccac0812a6d1acbd1e6adb1501f is outside v1.25.1 (merged after it) — not counted
  #498 4fd707630570d6ed5bdbfc34fdbdeeefc4b590ad is outside v1.25.1 (merged after it) — not counted
  #496 d14ffaaf374a5cc483aa2d295f199ad6d02bc8bc is outside v1.25.1 (merged after it) — not counted
  #494 3a8b415eee4fc1c0c75eb4af802f62ae98dc1984 is outside v1.25.1 (merged after it) — not counted
  #493 2826c449941cfcf175d9ab7a4c8d5dbca12ad136 is outside v1.25.1 (merged after it) — not counted
  #490 54e36f130a4a12b623576d0332aae44f779dc34e is outside v1.25.1 (merged after it) — not counted
  #484 19b9c1f1e42ea254b3322e526d451835fb92e480 is outside v1.25.1 (merged after it) — not counted
  #483 818a060d972b2eb9deceb795334afea29dd28f0d is outside v1.25.1 (merged after it) — not counted
## verdict lines
GATE T v1.25.0 cut 2026-09-04T00:13:32Z: 27 PR(s), 1 ticket(s) labelled release:v1.25.0 ok
GATE T v1.25.1 cut 2026-09-04T02:07:29Z: 1 PR(s), 0 ticket(s) labelled release:v1.25.1 ok
GATE T v1.25.2 cut 2026-09-05T16:25:29Z: 7 PR(s), 2 ticket(s) labelled release:v1.25.2 ok
GATE T v1.26.0 cut 2026-09-08T12:02:13Z: 10 PR(s), 9 ticket(s) labelled release:v1.26.0 ok
GATE T v1.27.0 cut 2026-09-08T22:10:01Z: 2 PR(s), 4 ticket(s) labelled release:v1.27.0 ok
GATE T FAIL next.due is declared 2026-09-10T22:10:01Z and v1.27.0 was cut at 2026-09-08T22:10:01Z, so cadence_days 2 puts the due instant at 2026-09-10T22:10:03Z — the declared goal and the derived one disagree
MUTANT_EXIT=1
## tail
  #490 54e36f130a4a12b623576d0332aae44f779dc34e is outside v1.25.2 (merged after it) — not counted
  #484 19b9c1f1e42ea254b3322e526d451835fb92e480 is outside v1.25.2 (merged after it) — not counted
  #483 818a060d972b2eb9deceb795334afea29dd28f0d is outside v1.25.2 (merged after it) — not counted
  #482 b2442fe09064e8d0445da9f2d3c834b8d7940317 is outside v1.25.2 (merged after it) — not counted
  #481 de4dee15dcfd048588a3575950d24456790fec9f is outside v1.25.2 (merged after it) — not counted
  #480 2acefaec0c9fd59b7e34ccabf467a52d4f553b86 is outside v1.25.2 (merged after it) — not counted
  #479 d9ba922264ecdda7f18917a160c7e8c4e2662f71 is outside v1.25.2 (merged after it) — not counted
  #478 bc46113c8fec9eae37f7193b2c452138ad3647d2 is outside v1.25.2 (merged after it) — not counted
  #477 6b80b748c230a4b95dd53b46c262b7b27f37c8a3 is outside v1.25.2 (merged after it) — not counted
  #476 ccfe23930eb485eb03cc4bd46de690430ab85aec is outside v1.25.2 (merged after it) — not counted
  #473 0776fd82a57158a87b7dc3e7602a12dee52db893 is outside v1.25.2 (merged after it) — not counted
  #472 a8efff16c57e39efffdbe5ace621c789487ecd34 is outside v1.25.2 (merged after it) — not counted
  #457 4e2b1fe34ec22b0eac4d0fa1deb26cad5579e0bc is inside v1.25.1 (the previous release) — not counted
GATE T v1.25.2 cut 2026-09-05T16:25:29Z: 7 PR(s), 2 ticket(s) labelled release:v1.25.2 ok
  #505 8e8e79e4aa2c205f32151977efccb59b14f838bd is outside v1.26.0 (merged after it) — not counted
  #504 be86315358c1a06dbd1b41f65b6653fc5d1f6a7b is outside v1.26.0 (merged after it) — not counted
  #502 643363b3bca8b3d8abce55878f3a54fd0908c32a is outside v1.26.0 (merged after it) — not counted
  #500 bc2819cce43e0ccac0812a6d1acbd1e6adb1501f is outside v1.26.0 (merged after it) — not counted
  #498 4fd707630570d6ed5bdbfc34fdbdeeefc4b590ad is outside v1.26.0 (merged after it) — not counted
  #496 d14ffaaf374a5cc483aa2d295f199ad6d02bc8bc is outside v1.26.0 (merged after it) — not counted
  #494 3a8b415eee4fc1c0c75eb4af802f62ae98dc1984 is outside v1.26.0 (merged after it) — not counted
  #493 2826c449941cfcf175d9ab7a4c8d5dbca12ad136 is outside v1.26.0 (merged after it) — not counted
  #490 54e36f130a4a12b623576d0332aae44f779dc34e is outside v1.26.0 (merged after it) — not counted
  #484 19b9c1f1e42ea254b3322e526d451835fb92e480 is outside v1.26.0 (merged after it) — not counted
  #465 20a255b0be1300e74fdd9188b2cb2073434c57b2 is inside v1.25.2 (the previous release) — not counted
GATE T v1.26.0 cut 2026-09-08T12:02:13Z: 10 PR(s), 9 ticket(s) labelled release:v1.26.0 ok
  #505 8e8e79e4aa2c205f32151977efccb59b14f838bd is outside v1.27.0 (merged after it) — not counted
  #504 be86315358c1a06dbd1b41f65b6653fc5d1f6a7b is outside v1.27.0 (merged after it) — not counted
  #502 643363b3bca8b3d8abce55878f3a54fd0908c32a is outside v1.27.0 (merged after it) — not counted
  #500 bc2819cce43e0ccac0812a6d1acbd1e6adb1501f is outside v1.27.0 (merged after it) — not counted
  #498 4fd707630570d6ed5bdbfc34fdbdeeefc4b590ad is outside v1.27.0 (merged after it) — not counted
  #496 d14ffaaf374a5cc483aa2d295f199ad6d02bc8bc is outside v1.27.0 (merged after it) — not counted
  #494 3a8b415eee4fc1c0c75eb4af802f62ae98dc1984 is outside v1.27.0 (merged after it) — not counted
  #493 2826c449941cfcf175d9ab7a4c8d5dbca12ad136 is outside v1.27.0 (merged after it) — not counted
  #483 818a060d972b2eb9deceb795334afea29dd28f0d is inside v1.26.0 (the previous release) — not counted
GATE T v1.27.0 cut 2026-09-08T22:10:01Z: 2 PR(s), 4 ticket(s) labelled release:v1.27.0 ok
  #490 54e36f130a4a12b623576d0332aae44f779dc34e is inside v1.27.0 (the previous release) — not counted
GATE T FAIL next.due is declared 2026-09-10T22:10:01Z and v1.27.0 was cut at 2026-09-08T22:10:01Z, so cadence_days 2 puts the due instant at 2026-09-10T22:10:03Z — the declared goal and the derived one disagree
MUTANT_EXIT=1
MUTANT_REVERTED=yes
