# reduced from PMAT-223-mutN2-lib.log — 1905 bytes, sha256 5b533e34b3d9e94d4552677647229f0f57b80c50e5b2f80f6117e5e7eb9ec5e5; head 40 lines, every 'test result' / GATE / _EXIT line, tail 40 lines
## head
warning: forjar-contracts@0.31.2: [contract] Assertions: 0 preconditions, 0 postconditions from YAML
   Compiling forjar v1.27.0 (/home/noah/src/forjar)
warning: forjar@1.27.0: CONTRACT: 45/45 bindings bound (0 partial, 0 not_implemented)
warning: unused variable: `stored_out`
  --> src/core/executor/resource_meta.rs:50:9
   |
50 |     let stored_out = rl.details.get("output_hash").and_then(|v| v.as_str());
   |         ^^^^^^^^^^ help: if this is intentional, prefix it with an underscore: `_stored_out`
   |
   = note: `#[warn(unused_variables)]` (part of `#[warn(unused)]`) on by default

warning: `forjar` (lib test) generated 1 warning (run `cargo fix --lib -p forjar --tests` to apply 1 suggestion)
    Finished `test` profile [unoptimized + debuginfo] target(s) in 29.37s
     Running unittests src/lib.rs (target/debug/deps/forjar-d6a1c9adc308245c)

running 4 tests
test core::executor::tests_input_cache::the_cache_has_no_answer_for_a_machine_this_host_cannot_read ... ok
test core::executor::tests_input_cache::the_cache_reads_the_base_the_writer_used ... ok
test core::executor::tests_input_cache::a_missing_or_modified_output_is_not_a_cache_hit ... FAILED
test core::executor::tests_input_cache::a_cache_hit_settles_the_spec_hash ... ok

failures:

---- core::executor::tests_input_cache::a_missing_or_modified_output_is_not_a_cache_hit stdout ----

thread 'core::executor::tests_input_cache::a_missing_or_modified_output_is_not_a_cache_hit' (2293801) panicked at src/core/executor/tests_input_cache.rs:113:5:
a modified output must rebuild, whatever the inputs say
note: run with `RUST_BACKTRACE=1` environment variable to display a backtrace


failures:
    core::executor::tests_input_cache::a_missing_or_modified_output_is_not_a_cache_hit

test result: FAILED. 3 passed; 1 failed; 0 ignored; 0 measured; 13517 filtered out; finished in 0.00s

error: test failed, to rerun pass `--lib`
## verdict lines
test core::executor::tests_input_cache::a_missing_or_modified_output_is_not_a_cache_hit ... FAILED
thread 'core::executor::tests_input_cache::a_missing_or_modified_output_is_not_a_cache_hit' (2293801) panicked at src/core/executor/tests_input_cache.rs:113:5:
test result: FAILED. 3 passed; 1 failed; 0 ignored; 0 measured; 13517 filtered out; finished in 0.00s
error: test failed, to rerun pass `--lib`
## tail
warning: forjar-contracts@0.31.2: [contract] Assertions: 0 preconditions, 0 postconditions from YAML
   Compiling forjar v1.27.0 (/home/noah/src/forjar)
warning: forjar@1.27.0: CONTRACT: 45/45 bindings bound (0 partial, 0 not_implemented)
warning: unused variable: `stored_out`
  --> src/core/executor/resource_meta.rs:50:9
   |
50 |     let stored_out = rl.details.get("output_hash").and_then(|v| v.as_str());
   |         ^^^^^^^^^^ help: if this is intentional, prefix it with an underscore: `_stored_out`
   |
   = note: `#[warn(unused_variables)]` (part of `#[warn(unused)]`) on by default

warning: `forjar` (lib test) generated 1 warning (run `cargo fix --lib -p forjar --tests` to apply 1 suggestion)
    Finished `test` profile [unoptimized + debuginfo] target(s) in 29.37s
     Running unittests src/lib.rs (target/debug/deps/forjar-d6a1c9adc308245c)

running 4 tests
test core::executor::tests_input_cache::the_cache_has_no_answer_for_a_machine_this_host_cannot_read ... ok
test core::executor::tests_input_cache::the_cache_reads_the_base_the_writer_used ... ok
test core::executor::tests_input_cache::a_missing_or_modified_output_is_not_a_cache_hit ... FAILED
test core::executor::tests_input_cache::a_cache_hit_settles_the_spec_hash ... ok

failures:

---- core::executor::tests_input_cache::a_missing_or_modified_output_is_not_a_cache_hit stdout ----

thread 'core::executor::tests_input_cache::a_missing_or_modified_output_is_not_a_cache_hit' (2293801) panicked at src/core/executor/tests_input_cache.rs:113:5:
a modified output must rebuild, whatever the inputs say
note: run with `RUST_BACKTRACE=1` environment variable to display a backtrace


failures:
    core::executor::tests_input_cache::a_missing_or_modified_output_is_not_a_cache_hit

test result: FAILED. 3 passed; 1 failed; 0 ignored; 0 measured; 13517 filtered out; finished in 0.00s

error: test failed, to rerun pass `--lib`
EXIT=101
